[
  Text {
    ownerDocument: Document {
      implementation: [Object],
      childNodes: [Object],
      doctype: null,
      documentURI: undefined,
      firstChild: [ProcessingInstruction],
      lastChild: [Element],
      _inc: 988,
      documentElement: [Element]
    },
    data: '\r\n    ',
    nodeValue: '\r\n    ',
    length: 6,
    parentNode: Element {
      _nsMap: [Object],
      attributes: [Object],
      childNodes: [Object],
      ownerDocument: [Document],
      nodeName: 'definitions',
      tagName: 'definitions',
      namespaceURI: 'http://schemas.xmlsoap.org/wsdl/',
      localName: 'definitions',
      previousSibling: [Text],
      nextSibling: null,
      parentNode: [Document],
      lineNumber: 2,
      columnNumber: 1,
      firstChild: [Circular],
      lastChild: [Text]
    },
    previousSibling: null,
    nextSibling: Element {
      _nsMap: {},
      attributes: [Object],
      childNodes: [Object],
      ownerDocument: [Document],
      nodeName: 'types',
      tagName: 'types',
      namespaceURI: 'http://schemas.xmlsoap.org/wsdl/',
      localName: 'types',
      parentNode: [Element],
      previousSibling: [Circular],
      nextSibling: [Text],
      lineNumber: 3,
      columnNumber: 5,
      firstChild: [Text],
      lastChild: [Text]
    },
    lineNumber: 2,
    columnNumber: 426
  },
  Element {
    _nsMap: {},
    attributes: { _ownerElement: [Circular] },
    childNodes: { '0': [Text], '1': [Element], '2': [Text], length: 3 },
    ownerDocument: Document {
      implementation: [Object],
      childNodes: [Object],
      doctype: null,
      documentURI: undefined,
      firstChild: [ProcessingInstruction],
      lastChild: [Element],
      _inc: 988,
      documentElement: [Element]
    },
    nodeName: 'types',
    tagName: 'types',
    namespaceURI: 'http://schemas.xmlsoap.org/wsdl/',
    localName: 'types',
    parentNode: Element {
      _nsMap: [Object],
      attributes: [Object],
      childNodes: [Object],
      ownerDocument: [Document],
      nodeName: 'definitions',
      tagName: 'definitions',
      namespaceURI: 'http://schemas.xmlsoap.org/wsdl/',
      localName: 'definitions',
      previousSibling: [Text],
      nextSibling: null,
      parentNode: [Document],
      lineNumber: 2,
      columnNumber: 1,
      firstChild: [Text],
      lastChild: [Text]
    },
    previousSibling: Text {
      ownerDocument: [Document],
      data: '\r\n    ',
      nodeValue: '\r\n    ',
      length: 6,
      parentNode: [Element],
      previousSibling: null,
      nextSibling: [Circular],
      lineNumber: 2,
      columnNumber: 426
    },
    nextSibling: Text {
      ownerDocument: [Document],
      data: '\r\n    ',
      nodeValue: '\r\n    ',
      length: 6,
      parentNode: [Element],
      previousSibling: [Circular],
      nextSibling: [Element],
      lineNumber: 237,
      columnNumber: 13
    },
    lineNumber: 3,
    columnNumber: 5,
    firstChild: Text {
      ownerDocument: [Document],
      data: '\r\n        ',
      nodeValue: '\r\n        ',
      length: 10,
      parentNode: [Circular],
      previousSibling: null,
      nextSibling: [Element],
      lineNumber: 3,
      columnNumber: 12
    },
    lastChild: Text {
      ownerDocument: [Document],
      data: '\r\n    ',
      nodeValue: '\r\n    ',
      length: 6,
      parentNode: [Circular],
      previousSibling: [Element],
      nextSibling: null,
      lineNumber: 236,
      columnNumber: 20
    }
  },
  Text {
    ownerDocument: Document {
      implementation: [Object],
      childNodes: [Object],
      doctype: null,
      documentURI: undefined,
      firstChild: [ProcessingInstruction],
      lastChild: [Element],
      _inc: 988,
      documentElement: [Element]
    },
    data: '\r\n    ',
    nodeValue: '\r\n    ',
    length: 6,
    parentNode: Element {
      _nsMap: [Object],
      attributes: [Object],
      childNodes: [Object],
      ownerDocument: [Document],
      nodeName: 'definitions',
      tagName: 'definitions',
      namespaceURI: 'http://schemas.xmlsoap.org/wsdl/',
      localName: 'definitions',
      previousSibling: [Text],
      nextSibling: null,
      parentNode: [Document],
      lineNumber: 2,
      columnNumber: 1,
      firstChild: [Text],
      lastChild: [Text]
    },
    previousSibling: Element {
      _nsMap: {},
      attributes: [Object],
      childNodes: [Object],
      ownerDocument: [Document],
      nodeName: 'types',
      tagName: 'types',
      namespaceURI: 'http://schemas.xmlsoap.org/wsdl/',
      localName: 'types',
      parentNode: [Element],
      previousSibling: [Text],
      nextSibling: [Circular],
      lineNumber: 3,
      columnNumber: 5,
      firstChild: [Text],
      lastChild: [Text]
    },
    nextSibling: Element {
      _nsMap: {},
      attributes: [Object],
      childNodes: [Object],
      ownerDocument: [Document],
      nodeName: 'message',
      tagName: 'message',
      namespaceURI: 'http://schemas.xmlsoap.org/wsdl/',
      localName: 'message',
      parentNode: [Element],
      previousSibling: [Circular],
      nextSibling: [Text],
      lineNumber: 238,
      columnNumber: 5,
      firstChild: [Text],
      lastChild: [Text]
    },
    lineNumber: 237,
    columnNumber: 13
  },
  Element {
    _nsMap: {},
    attributes: { '0': [Attr], _ownerElement: [Circular], length: 1 },
    childNodes: { '0': [Text], '1': [Element], '2': [Text], length: 3 },
    ownerDocument: Document {
      implementation: [Object],
      childNodes: [Object],
      doctype: null,
      documentURI: undefined,
      firstChild: [ProcessingInstruction],
      lastChild: [Element],
      _inc: 988,
      documentElement: [Element]
    },
    nodeName: 'message',
    tagName: 'message',
    namespaceURI: 'http://schemas.xmlsoap.org/wsdl/',
    localName: 'message',
    parentNode: Element {
      _nsMap: [Object],
      attributes: [Object],
      childNodes: [Object],
      ownerDocument: [Document],
      nodeName: 'definitions',
      tagName: 'definitions',
      namespaceURI: 'http://schemas.xmlsoap.org/wsdl/',
      localName: 'definitions',
      previousSibling: [Text],
      nextSibling: null,
      parentNode: [Document],
      lineNumber: 2,
      columnNumber: 1,
      firstChild: [Text],
      lastChild: [Text]
    },
    previousSibling: Text {
      ownerDocument: [Document],
      data: '\r\n    ',
      nodeValue: '\r\n    ',
      length: 6,
      parentNode: [Element],
      previousSibling: [Element],
      nextSibling: [Circular],
      lineNumber: 237,
      columnNumber: 13
    },
    nextSibling: Text {
      ownerDocument: [Document],
      data: '\r\n    ',
      nodeValue: '\r\n    ',
      length: 6,
      parentNode: [Element],
      previousSibling: [Circular],
      nextSibling: [Element],
      lineNumber: 240,
      columnNumber: 15
    },
    lineNumber: 238,
    columnNumber: 5,
    firstChild: Text {
      ownerDocument: [Document],
      data: '\r\n        ',
      nodeValue: '\r\n        ',
      length: 10,
      parentNode: [Circular],
      previousSibling: null,
      nextSibling: [Element],
      lineNumber: 238,
      columnNumber: 38
    },
    lastChild: Text {
      ownerDocument: [Document],
      data: '\r\n    ',
      nodeValue: '\r\n    ',
      length: 6,
      parentNode: [Circular],
      previousSibling: [Element],
      nextSibling: null,
      lineNumber: 239,
      columnNumber: 58
    }
  },
  Text {
    ownerDocument: Document {
      implementation: [Object],
      childNodes: [Object],
      doctype: null,
      documentURI: undefined,
      firstChild: [ProcessingInstruction],
      lastChild: [Element],
      _inc: 988,
      documentElement: [Element]
    },
    data: '\r\n    ',
    nodeValue: '\r\n    ',
    length: 6,
    parentNode: Element {
      _nsMap: [Object],
      attributes: [Object],
      childNodes: [Object],
      ownerDocument: [Document],
      nodeName: 'definitions',
      tagName: 'definitions',
      namespaceURI: 'http://schemas.xmlsoap.org/wsdl/',
      localName: 'definitions',
      previousSibling: [Text],
      nextSibling: null,
      parentNode: [Document],
      lineNumber: 2,
      columnNumber: 1,
      firstChild: [Text],
      lastChild: [Text]
    },
    previousSibling: Element {
      _nsMap: {},
      attributes: [Object],
      childNodes: [Object],
      ownerDocument: [Document],
      nodeName: 'message',
      tagName: 'message',
      namespaceURI: 'http://schemas.xmlsoap.org/wsdl/',
      localName: 'message',
      parentNode: [Element],
      previousSibling: [Text],
      nextSibling: [Circular],
      lineNumber: 238,
      columnNumber: 5,
      firstChild: [Text],
      lastChild: [Text]
    },
    nextSibling: Element {
      _nsMap: {},
      attributes: [Object],
      childNodes: [Object],
      ownerDocument: [Document],
      nodeName: 'message',
      tagName: 'message',
      namespaceURI: 'http://schemas.xmlsoap.org/wsdl/',
      localName: 'message',
      parentNode: [Element],
      previousSibling: [Circular],
      nextSibling: [Text],
      lineNumber: 241,
      columnNumber: 5,
      firstChild: [Text],
      lastChild: [Text]
    },
    lineNumber: 240,
    columnNumber: 15
  },
  Element {
    _nsMap: {},
    attributes: { '0': [Attr], _ownerElement: [Circular], length: 1 },
    childNodes: { '0': [Text], '1': [Element], '2': [Text], length: 3 },
    ownerDocument: Document {
      implementation: [Object],
      childNodes: [Object],
      doctype: null,
      documentURI: undefined,
      firstChild: [ProcessingInstruction],
      lastChild: [Element],
      _inc: 988,
      documentElement: [Element]
    },
    nodeName: 'message',
    tagName: 'message',
    namespaceURI: 'http://schemas.xmlsoap.org/wsdl/',
    localName: 'message',
    parentNode: Element {
      _nsMap: [Object],
      attributes: [Object],
      childNodes: [Object],
      ownerDocument: [Document],
      nodeName: 'definitions',
      tagName: 'definitions',
      namespaceURI: 'http://schemas.xmlsoap.org/wsdl/',
      localName: 'definitions',
      previousSibling: [Text],
      nextSibling: null,
      parentNode: [Document],
      lineNumber: 2,
      columnNumber: 1,
      firstChild: [Text],
      lastChild: [Text]
    },
    previousSibling: Text {
      ownerDocument: [Document],
      data: '\r\n    ',
      nodeValue: '\r\n    ',
      length: 6,
      parentNode: [Element],
      previousSibling: [Element],
      nextSibling: [Circular],
      lineNumber: 240,
      columnNumber: 15
    },
    nextSibling: Text {
      ownerDocument: [Document],
      data: '\r\n    ',
      nodeValue: '\r\n    ',
      length: 6,
      parentNode: [Element],
      previousSibling: [Circular],
      nextSibling: [Element],
      lineNumber: 243,
      columnNumber: 15
    },
    lineNumber: 241,
    columnNumber: 5,
    firstChild: Text {
      ownerDocument: [Document],
      data: '\r\n        ',
      nodeValue: '\r\n        ',
      length: 10,
      parentNode: [Circular],
      previousSibling: null,
      nextSibling: [Element],
      lineNumber: 241,
      columnNumber: 39
    },
    lastChild: Text {
      ownerDocument: [Document],
      data: '\r\n    ',
      nodeValue: '\r\n    ',
      length: 6,
      parentNode: [Circular],
      previousSibling: [Element],
      nextSibling: null,
      lineNumber: 242,
      columnNumber: 66
    }
  },
  Text {
    ownerDocument: Document {
      implementation: [Object],
      childNodes: [Object],
      doctype: null,
      documentURI: undefined,
      firstChild: [ProcessingInstruction],
      lastChild: [Element],
      _inc: 988,
      documentElement: [Element]
    },
    data: '\r\n    ',
    nodeValue: '\r\n    ',
    length: 6,
    parentNode: Element {
      _nsMap: [Object],
      attributes: [Object],
      childNodes: [Object],
      ownerDocument: [Document],
      nodeName: 'definitions',
      tagName: 'definitions',
      namespaceURI: 'http://schemas.xmlsoap.org/wsdl/',
      localName: 'definitions',
      previousSibling: [Text],
      nextSibling: null,
      parentNode: [Document],
      lineNumber: 2,
      columnNumber: 1,
      firstChild: [Text],
      lastChild: [Text]
    },
    previousSibling: Element {
      _nsMap: {},
      attributes: [Object],
      childNodes: [Object],
      ownerDocument: [Document],
      nodeName: 'message',
      tagName: 'message',
      namespaceURI: 'http://schemas.xmlsoap.org/wsdl/',
      localName: 'message',
      parentNode: [Element],
      previousSibling: [Text],
      nextSibling: [Circular],
      lineNumber: 241,
      columnNumber: 5,
      firstChild: [Text],
      lastChild: [Text]
    },
    nextSibling: Element {
      _nsMap: {},
      attributes: [Object],
      childNodes: [Object],
      ownerDocument: [Document],
      nodeName: 'message',
      tagName: 'message',
      namespaceURI: 'http://schemas.xmlsoap.org/wsdl/',
      localName: 'message',
      parentNode: [Element],
      previousSibling: [Circular],
      nextSibling: [Text],
      lineNumber: 244,
      columnNumber: 5,
      firstChild: [Text],
      lastChild: [Text]
    },
    lineNumber: 243,
    columnNumber: 15
  },
  Element {
    _nsMap: {},
    attributes: { '0': [Attr], _ownerElement: [Circular], length: 1 },
    childNodes: { '0': [Text], '1': [Element], '2': [Text], length: 3 },
    ownerDocument: Document {
      implementation: [Object],
      childNodes: [Object],
      doctype: null,
      documentURI: undefined,
      firstChild: [ProcessingInstruction],
      lastChild: [Element],
      _inc: 988,
      documentElement: [Element]
    },
    nodeName: 'message',
    tagName: 'message',
    namespaceURI: 'http://schemas.xmlsoap.org/wsdl/',
    localName: 'message',
    parentNode: Element {
      _nsMap: [Object],
      attributes: [Object],
      childNodes: [Object],
      ownerDocument: [Document],
      nodeName: 'definitions',
      tagName: 'definitions',
      namespaceURI: 'http://schemas.xmlsoap.org/wsdl/',
      localName: 'definitions',
      previousSibling: [Text],
      nextSibling: null,
      parentNode: [Document],
      lineNumber: 2,
      columnNumber: 1,
      firstChild: [Text],
      lastChild: [Text]
    },
    previousSibling: Text {
      ownerDocument: [Document],
      data: '\r\n    ',
      nodeValue: '\r\n    ',
      length: 6,
      parentNode: [Element],
      previousSibling: [Element],
      nextSibling: [Circular],
      lineNumber: 243,
      columnNumber: 15
    },
    nextSibling: Text {
      ownerDocument: [Document],
      data: '\r\n    ',
      nodeValue: '\r\n    ',
      length: 6,
      parentNode: [Element],
      previousSibling: [Circular],
      nextSibling: [Element],
      lineNumber: 246,
      columnNumber: 15
    },
    lineNumber: 244,
    columnNumber: 5,
    firstChild: Text {
      ownerDocument: [Document],
      data: '\r\n        ',
      nodeValue: '\r\n        ',
      length: 10,
      parentNode: [Circular],
      previousSibling: null,
      nextSibling: [Element],
      lineNumber: 244,
      columnNumber: 41
    },
    lastChild: Text {
      ownerDocument: [Document],
      data: '\r\n    ',
      nodeValue: '\r\n    ',
      length: 6,
      parentNode: [Circular],
      previousSibling: [Element],
      nextSibling: null,
      lineNumber: 245,
      columnNumber: 61
    }
  },
  Text {
    ownerDocument: Document {
      implementation: [Object],
      childNodes: [Object],
      doctype: null,
      documentURI: undefined,
      firstChild: [ProcessingInstruction],
      lastChild: [Element],
      _inc: 988,
      documentElement: [Element]
    },
    data: '\r\n    ',
    nodeValue: '\r\n    ',
    length: 6,
    parentNode: Element {
      _nsMap: [Object],
      attributes: [Object],
      childNodes: [Object],
      ownerDocument: [Document],
      nodeName: 'definitions',
      tagName: 'definitions',
      namespaceURI: 'http://schemas.xmlsoap.org/wsdl/',
      localName: 'definitions',
      previousSibling: [Text],
      nextSibling: null,
      parentNode: [Document],
      lineNumber: 2,
      columnNumber: 1,
      firstChild: [Text],
      lastChild: [Text]
    },
    previousSibling: Element {
      _nsMap: {},
      attributes: [Object],
      childNodes: [Object],
      ownerDocument: [Document],
      nodeName: 'message',
      tagName: 'message',
      namespaceURI: 'http://schemas.xmlsoap.org/wsdl/',
      localName: 'message',
      parentNode: [Element],
      previousSibling: [Text],
      nextSibling: [Circular],
      lineNumber: 244,
      columnNumber: 5,
      firstChild: [Text],
      lastChild: [Text]
    },
    nextSibling: Element {
      _nsMap: {},
      attributes: [Object],
      childNodes: [Object],
      ownerDocument: [Document],
      nodeName: 'message',
      tagName: 'message',
      namespaceURI: 'http://schemas.xmlsoap.org/wsdl/',
      localName: 'message',
      parentNode: [Element],
      previousSibling: [Circular],
      nextSibling: [Text],
      lineNumber: 247,
      columnNumber: 5,
      firstChild: [Text],
      lastChild: [Text]
    },
    lineNumber: 246,
    columnNumber: 15
  },
  Element {
    _nsMap: {},
    attributes: { '0': [Attr], _ownerElement: [Circular], length: 1 },
    childNodes: { '0': [Text], '1': [Element], '2': [Text], length: 3 },
    ownerDocument: Document {
      implementation: [Object],
      childNodes: [Object],
      doctype: null,
      documentURI: undefined,
      firstChild: [ProcessingInstruction],
      lastChild: [Element],
      _inc: 988,
      documentElement: [Element]
    },
    nodeName: 'message',
    tagName: 'message',
    namespaceURI: 'http://schemas.xmlsoap.org/wsdl/',
    localName: 'message',
    parentNode: Element {
      _nsMap: [Object],
      attributes: [Object],
      childNodes: [Object],
      ownerDocument: [Document],
      nodeName: 'definitions',
      tagName: 'definitions',
      namespaceURI: 'http://schemas.xmlsoap.org/wsdl/',
      localName: 'definitions',
      previousSibling: [Text],
      nextSibling: null,
      parentNode: [Document],
      lineNumber: 2,
      columnNumber: 1,
      firstChild: [Text],
      lastChild: [Text]
    },
    previousSibling: Text {
      ownerDocument: [Document],
      data: '\r\n    ',
      nodeValue: '\r\n    ',
      length: 6,
      parentNode: [Element],
      previousSibling: [Element],
      nextSibling: [Circular],
      lineNumber: 246,
      columnNumber: 15
    },
    nextSibling: Text {
      ownerDocument: [Document],
      data: '\r\n    ',
      nodeValue: '\r\n    ',
      length: 6,
      parentNode: [Element],
      previousSibling: [Circular],
      nextSibling: [Element],
      lineNumber: 249,
      columnNumber: 15
    },
    lineNumber: 247,
    columnNumber: 5,
    firstChild: Text {
      ownerDocument: [Document],
      data: '\r\n        ',
      nodeValue: '\r\n        ',
      length: 10,
      parentNode: [Circular],
      previousSibling: null,
      nextSibling: [Element],
      lineNumber: 247,
      columnNumber: 42
    },
    lastChild: Text {
      ownerDocument: [Document],
      data: '\r\n    ',
      nodeValue: '\r\n    ',
      length: 6,
      parentNode: [Circular],
      previousSibling: [Element],
      nextSibling: null,
      lineNumber: 248,
      columnNumber: 69
    }
  },
  Text {
    ownerDocument: Document {
      implementation: [Object],
      childNodes: [Object],
      doctype: null,
      documentURI: undefined,
      firstChild: [ProcessingInstruction],
      lastChild: [Element],
      _inc: 988,
      documentElement: [Element]
    },
    data: '\r\n    ',
    nodeValue: '\r\n    ',
    length: 6,
    parentNode: Element {
      _nsMap: [Object],
      attributes: [Object],
      childNodes: [Object],
      ownerDocument: [Document],
      nodeName: 'definitions',
      tagName: 'definitions',
      namespaceURI: 'http://schemas.xmlsoap.org/wsdl/',
      localName: 'definitions',
      previousSibling: [Text],
      nextSibling: null,
      parentNode: [Document],
      lineNumber: 2,
      columnNumber: 1,
      firstChild: [Text],
      lastChild: [Text]
    },
    previousSibling: Element {
      _nsMap: {},
      attributes: [Object],
      childNodes: [Object],
      ownerDocument: [Document],
      nodeName: 'message',
      tagName: 'message',
      namespaceURI: 'http://schemas.xmlsoap.org/wsdl/',
      localName: 'message',
      parentNode: [Element],
      previousSibling: [Text],
      nextSibling: [Circular],
      lineNumber: 247,
      columnNumber: 5,
      firstChild: [Text],
      lastChild: [Text]
    },
    nextSibling: Element {
      _nsMap: {},
      attributes: [Object],
      childNodes: [Object],
      ownerDocument: [Document],
      nodeName: 'message',
      tagName: 'message',
      namespaceURI: 'http://schemas.xmlsoap.org/wsdl/',
      localName: 'message',
      parentNode: [Element],
      previousSibling: [Circular],
      nextSibling: [Text],
      lineNumber: 250,
      columnNumber: 5,
      firstChild: [Text],
      lastChild: [Text]
    },
    lineNumber: 249,
    columnNumber: 15
  },
  Element {
    _nsMap: {},
    attributes: { '0': [Attr], _ownerElement: [Circular], length: 1 },
    childNodes: { '0': [Text], '1': [Element], '2': [Text], length: 3 },
    ownerDocument: Document {
      implementation: [Object],
      childNodes: [Object],
      doctype: null,
      documentURI: undefined,
      firstChild: [ProcessingInstruction],
      lastChild: [Element],
      _inc: 988,
      documentElement: [Element]
    },
    nodeName: 'message',
    tagName: 'message',
    namespaceURI: 'http://schemas.xmlsoap.org/wsdl/',
    localName: 'message',
    parentNode: Element {
      _nsMap: [Object],
      attributes: [Object],
      childNodes: [Object],
      ownerDocument: [Document],
      nodeName: 'definitions',
      tagName: 'definitions',
      namespaceURI: 'http://schemas.xmlsoap.org/wsdl/',
      localName: 'definitions',
      previousSibling: [Text],
      nextSibling: null,
      parentNode: [Document],
      lineNumber: 2,
      columnNumber: 1,
      firstChild: [Text],
      lastChild: [Text]
    },
    previousSibling: Text {
      ownerDocument: [Document],
      data: '\r\n    ',
      nodeValue: '\r\n    ',
      length: 6,
      parentNode: [Element],
      previousSibling: [Element],
      nextSibling: [Circular],
      lineNumber: 249,
      columnNumber: 15
    },
    nextSibling: Text {
      ownerDocument: [Document],
      data: '\r\n    ',
      nodeValue: '\r\n    ',
      length: 6,
      parentNode: [Element],
      previousSibling: [Circular],
      nextSibling: [Element],
      lineNumber: 252,
      columnNumber: 15
    },
    lineNumber: 250,
    columnNumber: 5,
    firstChild: Text {
      ownerDocument: [Document],
      data: '\r\n        ',
      nodeValue: '\r\n        ',
      length: 10,
      parentNode: [Circular],
      previousSibling: null,
      nextSibling: [Element],
      lineNumber: 250,
      columnNumber: 38
    },
    lastChild: Text {
      ownerDocument: [Document],
      data: '\r\n    ',
      nodeValue: '\r\n    ',
      length: 6,
      parentNode: [Circular],
      previousSibling: [Element],
      nextSibling: null,
      lineNumber: 251,
      columnNumber: 58
    }
  },
  Text {
    ownerDocument: Document {
      implementation: [Object],
      childNodes: [Object],
      doctype: null,
      documentURI: undefined,
      firstChild: [ProcessingInstruction],
      lastChild: [Element],
      _inc: 988,
      documentElement: [Element]
    },
    data: '\r\n    ',
    nodeValue: '\r\n    ',
    length: 6,
    parentNode: Element {
      _nsMap: [Object],
      attributes: [Object],
      childNodes: [Object],
      ownerDocument: [Document],
      nodeName: 'definitions',
      tagName: 'definitions',
      namespaceURI: 'http://schemas.xmlsoap.org/wsdl/',
      localName: 'definitions',
      previousSibling: [Text],
      nextSibling: null,
      parentNode: [Document],
      lineNumber: 2,
      columnNumber: 1,
      firstChild: [Text],
      lastChild: [Text]
    },
    previousSibling: Element {
      _nsMap: {},
      attributes: [Object],
      childNodes: [Object],
      ownerDocument: [Document],
      nodeName: 'message',
      tagName: 'message',
      namespaceURI: 'http://schemas.xmlsoap.org/wsdl/',
      localName: 'message',
      parentNode: [Element],
      previousSibling: [Text],
      nextSibling: [Circular],
      lineNumber: 250,
      columnNumber: 5,
      firstChild: [Text],
      lastChild: [Text]
    },
    nextSibling: Element {
      _nsMap: {},
      attributes: [Object],
      childNodes: [Object],
      ownerDocument: [Document],
      nodeName: 'message',
      tagName: 'message',
      namespaceURI: 'http://schemas.xmlsoap.org/wsdl/',
      localName: 'message',
      parentNode: [Element],
      previousSibling: [Circular],
      nextSibling: [Text],
      lineNumber: 253,
      columnNumber: 5,
      firstChild: [Text],
      lastChild: [Text]
    },
    lineNumber: 252,
    columnNumber: 15
  },
  Element {
    _nsMap: {},
    attributes: { '0': [Attr], _ownerElement: [Circular], length: 1 },
    childNodes: { '0': [Text], '1': [Element], '2': [Text], length: 3 },
    ownerDocument: Document {
      implementation: [Object],
      childNodes: [Object],
      doctype: null,
      documentURI: undefined,
      firstChild: [ProcessingInstruction],
      lastChild: [Element],
      _inc: 988,
      documentElement: [Element]
    },
    nodeName: 'message',
    tagName: 'message',
    namespaceURI: 'http://schemas.xmlsoap.org/wsdl/',
    localName: 'message',
    parentNode: Element {
      _nsMap: [Object],
      attributes: [Object],
      childNodes: [Object],
      ownerDocument: [Document],
      nodeName: 'definitions',
      tagName: 'definitions',
      namespaceURI: 'http://schemas.xmlsoap.org/wsdl/',
      localName: 'definitions',
      previousSibling: [Text],
      nextSibling: null,
      parentNode: [Document],
      lineNumber: 2,
      columnNumber: 1,
      firstChild: [Text],
      lastChild: [Text]
    },
    previousSibling: Text {
      ownerDocument: [Document],
      data: '\r\n    ',
      nodeValue: '\r\n    ',
      length: 6,
      parentNode: [Element],
      previousSibling: [Element],
      nextSibling: [Circular],
      lineNumber: 252,
      columnNumber: 15
    },
    nextSibling: Text {
      ownerDocument: [Document],
      data: '\r\n    ',
      nodeValue: '\r\n    ',
      length: 6,
      parentNode: [Element],
      previousSibling: [Circular],
      nextSibling: [Element],
      lineNumber: 255,
      columnNumber: 15
    },
    lineNumber: 253,
    columnNumber: 5,
    firstChild: Text {
      ownerDocument: [Document],
      data: '\r\n        ',
      nodeValue: '\r\n        ',
      length: 10,
      parentNode: [Circular],
      previousSibling: null,
      nextSibling: [Element],
      lineNumber: 253,
      columnNumber: 39
    },
    lastChild: Text {
      ownerDocument: [Document],
      data: '\r\n    ',
      nodeValue: '\r\n    ',
      length: 6,
      parentNode: [Circular],
      previousSibling: [Element],
      nextSibling: null,
      lineNumber: 254,
      columnNumber: 66
    }
  },
  Text {
    ownerDocument: Document {
      implementation: [Object],
      childNodes: [Object],
      doctype: null,
      documentURI: undefined,
      firstChild: [ProcessingInstruction],
      lastChild: [Element],
      _inc: 988,
      documentElement: [Element]
    },
    data: '\r\n    ',
    nodeValue: '\r\n    ',
    length: 6,
    parentNode: Element {
      _nsMap: [Object],
      attributes: [Object],
      childNodes: [Object],
      ownerDocument: [Document],
      nodeName: 'definitions',
      tagName: 'definitions',
      namespaceURI: 'http://schemas.xmlsoap.org/wsdl/',
      localName: 'definitions',
      previousSibling: [Text],
      nextSibling: null,
      parentNode: [Document],
      lineNumber: 2,
      columnNumber: 1,
      firstChild: [Text],
      lastChild: [Text]
    },
    previousSibling: Element {
      _nsMap: {},
      attributes: [Object],
      childNodes: [Object],
      ownerDocument: [Document],
      nodeName: 'message',
      tagName: 'message',
      namespaceURI: 'http://schemas.xmlsoap.org/wsdl/',
      localName: 'message',
      parentNode: [Element],
      previousSibling: [Text],
      nextSibling: [Circular],
      lineNumber: 253,
      columnNumber: 5,
      firstChild: [Text],
      lastChild: [Text]
    },
    nextSibling: Element {
      _nsMap: {},
      attributes: [Object],
      childNodes: [Object],
      ownerDocument: [Document],
      nodeName: 'message',
      tagName: 'message',
      namespaceURI: 'http://schemas.xmlsoap.org/wsdl/',
      localName: 'message',
      parentNode: [Element],
      previousSibling: [Circular],
      nextSibling: [Text],
      lineNumber: 256,
      columnNumber: 5,
      firstChild: [Text],
      lastChild: [Text]
    },
    lineNumber: 255,
    columnNumber: 15
  },
  Element {
    _nsMap: {},
    attributes: { '0': [Attr], _ownerElement: [Circular], length: 1 },
    childNodes: { '0': [Text], '1': [Element], '2': [Text], length: 3 },
    ownerDocument: Document {
      implementation: [Object],
      childNodes: [Object],
      doctype: null,
      documentURI: undefined,
      firstChild: [ProcessingInstruction],
      lastChild: [Element],
      _inc: 988,
      documentElement: [Element]
    },
    nodeName: 'message',
    tagName: 'message',
    namespaceURI: 'http://schemas.xmlsoap.org/wsdl/',
    localName: 'message',
    parentNode: Element {
      _nsMap: [Object],
      attributes: [Object],
      childNodes: [Object],
      ownerDocument: [Document],
      nodeName: 'definitions',
      tagName: 'definitions',
      namespaceURI: 'http://schemas.xmlsoap.org/wsdl/',
      localName: 'definitions',
      previousSibling: [Text],
      nextSibling: null,
      parentNode: [Document],
      lineNumber: 2,
      columnNumber: 1,
      firstChild: [Text],
      lastChild: [Text]
    },
    previousSibling: Text {
      ownerDocument: [Document],
      data: '\r\n    ',
      nodeValue: '\r\n    ',
      length: 6,
      parentNode: [Element],
      previousSibling: [Element],
      nextSibling: [Circular],
      lineNumber: 255,
      columnNumber: 15
    },
    nextSibling: Text {
      ownerDocument: [Document],
      data: '\r\n    ',
      nodeValue: '\r\n    ',
      length: 6,
      parentNode: [Element],
      previousSibling: [Circular],
      nextSibling: [Element],
      lineNumber: 258,
      columnNumber: 15
    },
    lineNumber: 256,
    columnNumber: 5,
    firstChild: Text {
      ownerDocument: [Document],
      data: '\r\n        ',
      nodeValue: '\r\n        ',
      length: 10,
      parentNode: [Circular],
      previousSibling: null,
      nextSibling: [Element],
      lineNumber: 256,
      columnNumber: 37
    },
    lastChild: Text {
      ownerDocument: [Document],
      data: '\r\n    ',
      nodeValue: '\r\n    ',
      length: 6,
      parentNode: [Circular],
      previousSibling: [Element],
      nextSibling: null,
      lineNumber: 257,
      columnNumber: 57
    }
  },
  Text {
    ownerDocument: Document {
      implementation: [Object],
      childNodes: [Object],
      doctype: null,
      documentURI: undefined,
      firstChild: [ProcessingInstruction],
      lastChild: [Element],
      _inc: 988,
      documentElement: [Element]
    },
    data: '\r\n    ',
    nodeValue: '\r\n    ',
    length: 6,
    parentNode: Element {
      _nsMap: [Object],
      attributes: [Object],
      childNodes: [Object],
      ownerDocument: [Document],
      nodeName: 'definitions',
      tagName: 'definitions',
      namespaceURI: 'http://schemas.xmlsoap.org/wsdl/',
      localName: 'definitions',
      previousSibling: [Text],
      nextSibling: null,
      parentNode: [Document],
      lineNumber: 2,
      columnNumber: 1,
      firstChild: [Text],
      lastChild: [Text]
    },
    previousSibling: Element {
      _nsMap: {},
      attributes: [Object],
      childNodes: [Object],
      ownerDocument: [Document],
      nodeName: 'message',
      tagName: 'message',
      namespaceURI: 'http://schemas.xmlsoap.org/wsdl/',
      localName: 'message',
      parentNode: [Element],
      previousSibling: [Text],
      nextSibling: [Circular],
      lineNumber: 256,
      columnNumber: 5,
      firstChild: [Text],
      lastChild: [Text]
    },
    nextSibling: Element {
      _nsMap: {},
      attributes: [Object],
      childNodes: [Object],
      ownerDocument: [Document],
      nodeName: 'message',
      tagName: 'message',
      namespaceURI: 'http://schemas.xmlsoap.org/wsdl/',
      localName: 'message',
      parentNode: [Element],
      previousSibling: [Circular],
      nextSibling: [Text],
      lineNumber: 259,
      columnNumber: 5,
      firstChild: [Text],
      lastChild: [Text]
    },
    lineNumber: 258,
    columnNumber: 15
  },
  Element {
    _nsMap: {},
    attributes: { '0': [Attr], _ownerElement: [Circular], length: 1 },
    childNodes: { '0': [Text], '1': [Element], '2': [Text], length: 3 },
    ownerDocument: Document {
      implementation: [Object],
      childNodes: [Object],
      doctype: null,
      documentURI: undefined,
      firstChild: [ProcessingInstruction],
      lastChild: [Element],
      _inc: 988,
      documentElement: [Element]
    },
    nodeName: 'message',
    tagName: 'message',
    namespaceURI: 'http://schemas.xmlsoap.org/wsdl/',
    localName: 'message',
    parentNode: Element {
      _nsMap: [Object],
      attributes: [Object],
      childNodes: [Object],
      ownerDocument: [Document],
      nodeName: 'definitions',
      tagName: 'definitions',
      namespaceURI: 'http://schemas.xmlsoap.org/wsdl/',
      localName: 'definitions',
      previousSibling: [Text],
      nextSibling: null,
      parentNode: [Document],
      lineNumber: 2,
      columnNumber: 1,
      firstChild: [Text],
      lastChild: [Text]
    },
    previousSibling: Text {
      ownerDocument: [Document],
      data: '\r\n    ',
      nodeValue: '\r\n    ',
      length: 6,
      parentNode: [Element],
      previousSibling: [Element],
      nextSibling: [Circular],
      lineNumber: 258,
      columnNumber: 15
    },
    nextSibling: Text {
      ownerDocument: [Document],
      data: '\r\n    ',
      nodeValue: '\r\n    ',
      length: 6,
      parentNode: [Element],
      previousSibling: [Circular],
      nextSibling: [Element],
      lineNumber: 261,
      columnNumber: 15
    },
    lineNumber: 259,
    columnNumber: 5,
    firstChild: Text {
      ownerDocument: [Document],
      data: '\r\n        ',
      nodeValue: '\r\n        ',
      length: 10,
      parentNode: [Circular],
      previousSibling: null,
      nextSibling: [Element],
      lineNumber: 259,
      columnNumber: 38
    },
    lastChild: Text {
      ownerDocument: [Document],
      data: '\r\n    ',
      nodeValue: '\r\n    ',
      length: 6,
      parentNode: [Circular],
      previousSibling: [Element],
      nextSibling: null,
      lineNumber: 260,
      columnNumber: 65
    }
  },
  Text {
    ownerDocument: Document {
      implementation: [Object],
      childNodes: [Object],
      doctype: null,
      documentURI: undefined,
      firstChild: [ProcessingInstruction],
      lastChild: [Element],
      _inc: 988,
      documentElement: [Element]
    },
    data: '\r\n    ',
    nodeValue: '\r\n    ',
    length: 6,
    parentNode: Element {
      _nsMap: [Object],
      attributes: [Object],
      childNodes: [Object],
      ownerDocument: [Document],
      nodeName: 'definitions',
      tagName: 'definitions',
      namespaceURI: 'http://schemas.xmlsoap.org/wsdl/',
      localName: 'definitions',
      previousSibling: [Text],
      nextSibling: null,
      parentNode: [Document],
      lineNumber: 2,
      columnNumber: 1,
      firstChild: [Text],
      lastChild: [Text]
    },
    previousSibling: Element {
      _nsMap: {},
      attributes: [Object],
      childNodes: [Object],
      ownerDocument: [Document],
      nodeName: 'message',
      tagName: 'message',
      namespaceURI: 'http://schemas.xmlsoap.org/wsdl/',
      localName: 'message',
      parentNode: [Element],
      previousSibling: [Text],
      nextSibling: [Circular],
      lineNumber: 259,
      columnNumber: 5,
      firstChild: [Text],
      lastChild: [Text]
    },
    nextSibling: Element {
      _nsMap: {},
      attributes: [Object],
      childNodes: [Object],
      ownerDocument: [Document],
      nodeName: 'message',
      tagName: 'message',
      namespaceURI: 'http://schemas.xmlsoap.org/wsdl/',
      localName: 'message',
      parentNode: [Element],
      previousSibling: [Circular],
      nextSibling: [Text],
      lineNumber: 262,
      columnNumber: 5,
      firstChild: [Text],
      lastChild: [Text]
    },
    lineNumber: 261,
    columnNumber: 15
  },
  Element {
    _nsMap: {},
    attributes: { '0': [Attr], _ownerElement: [Circular], length: 1 },
    childNodes: { '0': [Text], '1': [Element], '2': [Text], length: 3 },
    ownerDocument: Document {
      implementation: [Object],
      childNodes: [Object],
      doctype: null,
      documentURI: undefined,
      firstChild: [ProcessingInstruction],
      lastChild: [Element],
      _inc: 988,
      documentElement: [Element]
    },
    nodeName: 'message',
    tagName: 'message',
    namespaceURI: 'http://schemas.xmlsoap.org/wsdl/',
    localName: 'message',
    parentNode: Element {
      _nsMap: [Object],
      attributes: [Object],
      childNodes: [Object],
      ownerDocument: [Document],
      nodeName: 'definitions',
      tagName: 'definitions',
      namespaceURI: 'http://schemas.xmlsoap.org/wsdl/',
      localName: 'definitions',
      previousSibling: [Text],
      nextSibling: null,
      parentNode: [Document],
      lineNumber: 2,
      columnNumber: 1,
      firstChild: [Text],
      lastChild: [Text]
    },
    previousSibling: Text {
      ownerDocument: [Document],
      data: '\r\n    ',
      nodeValue: '\r\n    ',
      length: 6,
      parentNode: [Element],
      previousSibling: [Element],
      nextSibling: [Circular],
      lineNumber: 261,
      columnNumber: 15
    },
    nextSibling: Text {
      ownerDocument: [Document],
      data: '\r\n    ',
      nodeValue: '\r\n    ',
      length: 6,
      parentNode: [Element],
      previousSibling: [Circular],
      nextSibling: [Element],
      lineNumber: 264,
      columnNumber: 15
    },
    lineNumber: 262,
    columnNumber: 5,
    firstChild: Text {
      ownerDocument: [Document],
      data: '\r\n        ',
      nodeValue: '\r\n        ',
      length: 10,
      parentNode: [Circular],
      previousSibling: null,
      nextSibling: [Element],
      lineNumber: 262,
      columnNumber: 44
    },
    lastChild: Text {
      ownerDocument: [Document],
      data: '\r\n    ',
      nodeValue: '\r\n    ',
      length: 6,
      parentNode: [Circular],
      previousSibling: [Element],
      nextSibling: null,
      lineNumber: 263,
      columnNumber: 64
    }
  },
  Text {
    ownerDocument: Document {
      implementation: [Object],
      childNodes: [Object],
      doctype: null,
      documentURI: undefined,
      firstChild: [ProcessingInstruction],
      lastChild: [Element],
      _inc: 988,
      documentElement: [Element]
    },
    data: '\r\n    ',
    nodeValue: '\r\n    ',
    length: 6,
    parentNode: Element {
      _nsMap: [Object],
      attributes: [Object],
      childNodes: [Object],
      ownerDocument: [Document],
      nodeName: 'definitions',
      tagName: 'definitions',
      namespaceURI: 'http://schemas.xmlsoap.org/wsdl/',
      localName: 'definitions',
      previousSibling: [Text],
      nextSibling: null,
      parentNode: [Document],
      lineNumber: 2,
      columnNumber: 1,
      firstChild: [Text],
      lastChild: [Text]
    },
    previousSibling: Element {
      _nsMap: {},
      attributes: [Object],
      childNodes: [Object],
      ownerDocument: [Document],
      nodeName: 'message',
      tagName: 'message',
      namespaceURI: 'http://schemas.xmlsoap.org/wsdl/',
      localName: 'message',
      parentNode: [Element],
      previousSibling: [Text],
      nextSibling: [Circular],
      lineNumber: 262,
      columnNumber: 5,
      firstChild: [Text],
      lastChild: [Text]
    },
    nextSibling: Element {
      _nsMap: {},
      attributes: [Object],
      childNodes: [Object],
      ownerDocument: [Document],
      nodeName: 'message',
      tagName: 'message',
      namespaceURI: 'http://schemas.xmlsoap.org/wsdl/',
      localName: 'message',
      parentNode: [Element],
      previousSibling: [Circular],
      nextSibling: [Text],
      lineNumber: 265,
      columnNumber: 5,
      firstChild: [Text],
      lastChild: [Text]
    },
    lineNumber: 264,
    columnNumber: 15
  },
  Element {
    _nsMap: {},
    attributes: { '0': [Attr], _ownerElement: [Circular], length: 1 },
    childNodes: { '0': [Text], '1': [Element], '2': [Text], length: 3 },
    ownerDocument: Document {
      implementation: [Object],
      childNodes: [Object],
      doctype: null,
      documentURI: undefined,
      firstChild: [ProcessingInstruction],
      lastChild: [Element],
      _inc: 988,
      documentElement: [Element]
    },
    nodeName: 'message',
    tagName: 'message',
    namespaceURI: 'http://schemas.xmlsoap.org/wsdl/',
    localName: 'message',
    parentNode: Element {
      _nsMap: [Object],
      attributes: [Object],
      childNodes: [Object],
      ownerDocument: [Document],
      nodeName: 'definitions',
      tagName: 'definitions',
      namespaceURI: 'http://schemas.xmlsoap.org/wsdl/',
      localName: 'definitions',
      previousSibling: [Text],
      nextSibling: null,
      parentNode: [Document],
      lineNumber: 2,
      columnNumber: 1,
      firstChild: [Text],
      lastChild: [Text]
    },
    previousSibling: Text {
      ownerDocument: [Document],
      data: '\r\n    ',
      nodeValue: '\r\n    ',
      length: 6,
      parentNode: [Element],
      previousSibling: [Element],
      nextSibling: [Circular],
      lineNumber: 264,
      columnNumber: 15
    },
    nextSibling: Text {
      ownerDocument: [Document],
      data: '\r\n    ',
      nodeValue: '\r\n    ',
      length: 6,
      parentNode: [Element],
      previousSibling: [Circular],
      nextSibling: [Element],
      lineNumber: 267,
      columnNumber: 15
    },
    lineNumber: 265,
    columnNumber: 5,
    firstChild: Text {
      ownerDocument: [Document],
      data: '\r\n        ',
      nodeValue: '\r\n        ',
      length: 10,
      parentNode: [Circular],
      previousSibling: null,
      nextSibling: [Element],
      lineNumber: 265,
      columnNumber: 45
    },
    lastChild: Text {
      ownerDocument: [Document],
      data: '\r\n    ',
      nodeValue: '\r\n    ',
      length: 6,
      parentNode: [Circular],
      previousSibling: [Element],
      nextSibling: null,
      lineNumber: 266,
      columnNumber: 72
    }
  },
  Text {
    ownerDocument: Document {
      implementation: [Object],
      childNodes: [Object],
      doctype: null,
      documentURI: undefined,
      firstChild: [ProcessingInstruction],
      lastChild: [Element],
      _inc: 988,
      documentElement: [Element]
    },
    data: '\r\n    ',
    nodeValue: '\r\n    ',
    length: 6,
    parentNode: Element {
      _nsMap: [Object],
      attributes: [Object],
      childNodes: [Object],
      ownerDocument: [Document],
      nodeName: 'definitions',
      tagName: 'definitions',
      namespaceURI: 'http://schemas.xmlsoap.org/wsdl/',
      localName: 'definitions',
      previousSibling: [Text],
      nextSibling: null,
      parentNode: [Document],
      lineNumber: 2,
      columnNumber: 1,
      firstChild: [Text],
      lastChild: [Text]
    },
    previousSibling: Element {
      _nsMap: {},
      attributes: [Object],
      childNodes: [Object],
      ownerDocument: [Document],
      nodeName: 'message',
      tagName: 'message',
      namespaceURI: 'http://schemas.xmlsoap.org/wsdl/',
      localName: 'message',
      parentNode: [Element],
      previousSibling: [Text],
      nextSibling: [Circular],
      lineNumber: 265,
      columnNumber: 5,
      firstChild: [Text],
      lastChild: [Text]
    },
    nextSibling: Element {
      _nsMap: {},
      attributes: [Object],
      childNodes: [Object],
      ownerDocument: [Document],
      nodeName: 'message',
      tagName: 'message',
      namespaceURI: 'http://schemas.xmlsoap.org/wsdl/',
      localName: 'message',
      parentNode: [Element],
      previousSibling: [Circular],
      nextSibling: [Text],
      lineNumber: 268,
      columnNumber: 5,
      firstChild: [Text],
      lastChild: [Text]
    },
    lineNumber: 267,
    columnNumber: 15
  },
  Element {
    _nsMap: {},
    attributes: { '0': [Attr], _ownerElement: [Circular], length: 1 },
    childNodes: { '0': [Text], '1': [Element], '2': [Text], length: 3 },
    ownerDocument: Document {
      implementation: [Object],
      childNodes: [Object],
      doctype: null,
      documentURI: undefined,
      firstChild: [ProcessingInstruction],
      lastChild: [Element],
      _inc: 988,
      documentElement: [Element]
    },
    nodeName: 'message',
    tagName: 'message',
    namespaceURI: 'http://schemas.xmlsoap.org/wsdl/',
    localName: 'message',
    parentNode: Element {
      _nsMap: [Object],
      attributes: [Object],
      childNodes: [Object],
      ownerDocument: [Document],
      nodeName: 'definitions',
      tagName: 'definitions',
      namespaceURI: 'http://schemas.xmlsoap.org/wsdl/',
      localName: 'definitions',
      previousSibling: [Text],
      nextSibling: null,
      parentNode: [Document],
      lineNumber: 2,
      columnNumber: 1,
      firstChild: [Text],
      lastChild: [Text]
    },
    previousSibling: Text {
      ownerDocument: [Document],
      data: '\r\n    ',
      nodeValue: '\r\n    ',
      length: 6,
      parentNode: [Element],
      previousSibling: [Element],
      nextSibling: [Circular],
      lineNumber: 267,
      columnNumber: 15
    },
    nextSibling: Text {
      ownerDocument: [Document],
      data: '\r\n    ',
      nodeValue: '\r\n    ',
      length: 6,
      parentNode: [Element],
      previousSibling: [Circular],
      nextSibling: [Element],
      lineNumber: 270,
      columnNumber: 15
    },
    lineNumber: 268,
    columnNumber: 5,
    firstChild: Text {
      ownerDocument: [Document],
      data: '\r\n        ',
      nodeValue: '\r\n        ',
      length: 10,
      parentNode: [Circular],
      previousSibling: null,
      nextSibling: [Element],
      lineNumber: 268,
      columnNumber: 41
    },
    lastChild: Text {
      ownerDocument: [Document],
      data: '\r\n    ',
      nodeValue: '\r\n    ',
      length: 6,
      parentNode: [Circular],
      previousSibling: [Element],
      nextSibling: null,
      lineNumber: 269,
      columnNumber: 61
    }
  },
  Text {
    ownerDocument: Document {
      implementation: [Object],
      childNodes: [Object],
      doctype: null,
      documentURI: undefined,
      firstChild: [ProcessingInstruction],
      lastChild: [Element],
      _inc: 988,
      documentElement: [Element]
    },
    data: '\r\n    ',
    nodeValue: '\r\n    ',
    length: 6,
    parentNode: Element {
      _nsMap: [Object],
      attributes: [Object],
      childNodes: [Object],
      ownerDocument: [Document],
      nodeName: 'definitions',
      tagName: 'definitions',
      namespaceURI: 'http://schemas.xmlsoap.org/wsdl/',
      localName: 'definitions',
      previousSibling: [Text],
      nextSibling: null,
      parentNode: [Document],
      lineNumber: 2,
      columnNumber: 1,
      firstChild: [Text],
      lastChild: [Text]
    },
    previousSibling: Element {
      _nsMap: {},
      attributes: [Object],
      childNodes: [Object],
      ownerDocument: [Document],
      nodeName: 'message',
      tagName: 'message',
      namespaceURI: 'http://schemas.xmlsoap.org/wsdl/',
      localName: 'message',
      parentNode: [Element],
      previousSibling: [Text],
      nextSibling: [Circular],
      lineNumber: 268,
      columnNumber: 5,
      firstChild: [Text],
      lastChild: [Text]
    },
    nextSibling: Element {
      _nsMap: {},
      attributes: [Object],
      childNodes: [Object],
      ownerDocument: [Document],
      nodeName: 'message',
      tagName: 'message',
      namespaceURI: 'http://schemas.xmlsoap.org/wsdl/',
      localName: 'message',
      parentNode: [Element],
      previousSibling: [Circular],
      nextSibling: [Text],
      lineNumber: 271,
      columnNumber: 5,
      firstChild: [Text],
      lastChild: [Text]
    },
    lineNumber: 270,
    columnNumber: 15
  },
  Element {
    _nsMap: {},
    attributes: { '0': [Attr], _ownerElement: [Circular], length: 1 },
    childNodes: { '0': [Text], '1': [Element], '2': [Text], length: 3 },
    ownerDocument: Document {
      implementation: [Object],
      childNodes: [Object],
      doctype: null,
      documentURI: undefined,
      firstChild: [ProcessingInstruction],
      lastChild: [Element],
      _inc: 988,
      documentElement: [Element]
    },
    nodeName: 'message',
    tagName: 'message',
    namespaceURI: 'http://schemas.xmlsoap.org/wsdl/',
    localName: 'message',
    parentNode: Element {
      _nsMap: [Object],
      attributes: [Object],
      childNodes: [Object],
      ownerDocument: [Document],
      nodeName: 'definitions',
      tagName: 'definitions',
      namespaceURI: 'http://schemas.xmlsoap.org/wsdl/',
      localName: 'definitions',
      previousSibling: [Text],
      nextSibling: null,
      parentNode: [Document],
      lineNumber: 2,
      columnNumber: 1,
      firstChild: [Text],
      lastChild: [Text]
    },
    previousSibling: Text {
      ownerDocument: [Document],
      data: '\r\n    ',
      nodeValue: '\r\n    ',
      length: 6,
      parentNode: [Element],
      previousSibling: [Element],
      nextSibling: [Circular],
      lineNumber: 270,
      columnNumber: 15
    },
    nextSibling: Text {
      ownerDocument: [Document],
      data: '\r\n    ',
      nodeValue: '\r\n    ',
      length: 6,
      parentNode: [Element],
      previousSibling: [Circular],
      nextSibling: [Element],
      lineNumber: 273,
      columnNumber: 15
    },
    lineNumber: 271,
    columnNumber: 5,
    firstChild: Text {
      ownerDocument: [Document],
      data: '\r\n        ',
      nodeValue: '\r\n        ',
      length: 10,
      parentNode: [Circular],
      previousSibling: null,
      nextSibling: [Element],
      lineNumber: 271,
      columnNumber: 42
    },
    lastChild: Text {
      ownerDocument: [Document],
      data: '\r\n    ',
      nodeValue: '\r\n    ',
      length: 6,
      parentNode: [Circular],
      previousSibling: [Element],
      nextSibling: null,
      lineNumber: 272,
      columnNumber: 69
    }
  },
  Text {
    ownerDocument: Document {
      implementation: [Object],
      childNodes: [Object],
      doctype: null,
      documentURI: undefined,
      firstChild: [ProcessingInstruction],
      lastChild: [Element],
      _inc: 988,
      documentElement: [Element]
    },
    data: '\r\n    ',
    nodeValue: '\r\n    ',
    length: 6,
    parentNode: Element {
      _nsMap: [Object],
      attributes: [Object],
      childNodes: [Object],
      ownerDocument: [Document],
      nodeName: 'definitions',
      tagName: 'definitions',
      namespaceURI: 'http://schemas.xmlsoap.org/wsdl/',
      localName: 'definitions',
      previousSibling: [Text],
      nextSibling: null,
      parentNode: [Document],
      lineNumber: 2,
      columnNumber: 1,
      firstChild: [Text],
      lastChild: [Text]
    },
    previousSibling: Element {
      _nsMap: {},
      attributes: [Object],
      childNodes: [Object],
      ownerDocument: [Document],
      nodeName: 'message',
      tagName: 'message',
      namespaceURI: 'http://schemas.xmlsoap.org/wsdl/',
      localName: 'message',
      parentNode: [Element],
      previousSibling: [Text],
      nextSibling: [Circular],
      lineNumber: 271,
      columnNumber: 5,
      firstChild: [Text],
      lastChild: [Text]
    },
    nextSibling: Element {
      _nsMap: {},
      attributes: [Object],
      childNodes: [Object],
      ownerDocument: [Document],
      nodeName: 'message',
      tagName: 'message',
      namespaceURI: 'http://schemas.xmlsoap.org/wsdl/',
      localName: 'message',
      parentNode: [Element],
      previousSibling: [Circular],
      nextSibling: [Text],
      lineNumber: 274,
      columnNumber: 5,
      firstChild: [Text],
      lastChild: [Text]
    },
    lineNumber: 273,
    columnNumber: 15
  },
  Element {
    _nsMap: {},
    attributes: { '0': [Attr], _ownerElement: [Circular], length: 1 },
    childNodes: { '0': [Text], '1': [Element], '2': [Text], length: 3 },
    ownerDocument: Document {
      implementation: [Object],
      childNodes: [Object],
      doctype: null,
      documentURI: undefined,
      firstChild: [ProcessingInstruction],
      lastChild: [Element],
      _inc: 988,
      documentElement: [Element]
    },
    nodeName: 'message',
    tagName: 'message',
    namespaceURI: 'http://schemas.xmlsoap.org/wsdl/',
    localName: 'message',
    parentNode: Element {
      _nsMap: [Object],
      attributes: [Object],
      childNodes: [Object],
      ownerDocument: [Document],
      nodeName: 'definitions',
      tagName: 'definitions',
      namespaceURI: 'http://schemas.xmlsoap.org/wsdl/',
      localName: 'definitions',
      previousSibling: [Text],
      nextSibling: null,
      parentNode: [Document],
      lineNumber: 2,
      columnNumber: 1,
      firstChild: [Text],
      lastChild: [Text]
    },
    previousSibling: Text {
      ownerDocument: [Document],
      data: '\r\n    ',
      nodeValue: '\r\n    ',
      length: 6,
      parentNode: [Element],
      previousSibling: [Element],
      nextSibling: [Circular],
      lineNumber: 273,
      columnNumber: 15
    },
    nextSibling: Text {
      ownerDocument: [Document],
      data: '\r\n    ',
      nodeValue: '\r\n    ',
      length: 6,
      parentNode: [Element],
      previousSibling: [Circular],
      nextSibling: [Element],
      lineNumber: 276,
      columnNumber: 15
    },
    lineNumber: 274,
    columnNumber: 5,
    firstChild: Text {
      ownerDocument: [Document],
      data: '\r\n        ',
      nodeValue: '\r\n        ',
      length: 10,
      parentNode: [Circular],
      previousSibling: null,
      nextSibling: [Element],
      lineNumber: 274,
      columnNumber: 38
    },
    lastChild: Text {
      ownerDocument: [Document],
      data: '\r\n    ',
      nodeValue: '\r\n    ',
      length: 6,
      parentNode: [Circular],
      previousSibling: [Element],
      nextSibling: null,
      lineNumber: 275,
      columnNumber: 58
    }
  },
  Text {
    ownerDocument: Document {
      implementation: [Object],
      childNodes: [Object],
      doctype: null,
      documentURI: undefined,
      firstChild: [ProcessingInstruction],
      lastChild: [Element],
      _inc: 988,
      documentElement: [Element]
    },
    data: '\r\n    ',
    nodeValue: '\r\n    ',
    length: 6,
    parentNode: Element {
      _nsMap: [Object],
      attributes: [Object],
      childNodes: [Object],
      ownerDocument: [Document],
      nodeName: 'definitions',
      tagName: 'definitions',
      namespaceURI: 'http://schemas.xmlsoap.org/wsdl/',
      localName: 'definitions',
      previousSibling: [Text],
      nextSibling: null,
      parentNode: [Document],
      lineNumber: 2,
      columnNumber: 1,
      firstChild: [Text],
      lastChild: [Text]
    },
    previousSibling: Element {
      _nsMap: {},
      attributes: [Object],
      childNodes: [Object],
      ownerDocument: [Document],
      nodeName: 'message',
      tagName: 'message',
      namespaceURI: 'http://schemas.xmlsoap.org/wsdl/',
      localName: 'message',
      parentNode: [Element],
      previousSibling: [Text],
      nextSibling: [Circular],
      lineNumber: 274,
      columnNumber: 5,
      firstChild: [Text],
      lastChild: [Text]
    },
    nextSibling: Element {
      _nsMap: {},
      attributes: [Object],
      childNodes: [Object],
      ownerDocument: [Document],
      nodeName: 'message',
      tagName: 'message',
      namespaceURI: 'http://schemas.xmlsoap.org/wsdl/',
      localName: 'message',
      parentNode: [Element],
      previousSibling: [Circular],
      nextSibling: [Text],
      lineNumber: 277,
      columnNumber: 5,
      firstChild: [Text],
      lastChild: [Text]
    },
    lineNumber: 276,
    columnNumber: 15
  },
  Element {
    _nsMap: {},
    attributes: { '0': [Attr], _ownerElement: [Circular], length: 1 },
    childNodes: { '0': [Text], '1': [Element], '2': [Text], length: 3 },
    ownerDocument: Document {
      implementation: [Object],
      childNodes: [Object],
      doctype: null,
      documentURI: undefined,
      firstChild: [ProcessingInstruction],
      lastChild: [Element],
      _inc: 988,
      documentElement: [Element]
    },
    nodeName: 'message',
    tagName: 'message',
    namespaceURI: 'http://schemas.xmlsoap.org/wsdl/',
    localName: 'message',
    parentNode: Element {
      _nsMap: [Object],
      attributes: [Object],
      childNodes: [Object],
      ownerDocument: [Document],
      nodeName: 'definitions',
      tagName: 'definitions',
      namespaceURI: 'http://schemas.xmlsoap.org/wsdl/',
      localName: 'definitions',
      previousSibling: [Text],
      nextSibling: null,
      parentNode: [Document],
      lineNumber: 2,
      columnNumber: 1,
      firstChild: [Text],
      lastChild: [Text]
    },
    previousSibling: Text {
      ownerDocument: [Document],
      data: '\r\n    ',
      nodeValue: '\r\n    ',
      length: 6,
      parentNode: [Element],
      previousSibling: [Element],
      nextSibling: [Circular],
      lineNumber: 276,
      columnNumber: 15
    },
    nextSibling: Text {
      ownerDocument: [Document],
      data: '\r\n    ',
      nodeValue: '\r\n    ',
      length: 6,
      parentNode: [Element],
      previousSibling: [Circular],
      nextSibling: [Element],
      lineNumber: 279,
      columnNumber: 15
    },
    lineNumber: 277,
    columnNumber: 5,
    firstChild: Text {
      ownerDocument: [Document],
      data: '\r\n        ',
      nodeValue: '\r\n        ',
      length: 10,
      parentNode: [Circular],
      previousSibling: null,
      nextSibling: [Element],
      lineNumber: 277,
      columnNumber: 39
    },
    lastChild: Text {
      ownerDocument: [Document],
      data: '\r\n    ',
      nodeValue: '\r\n    ',
      length: 6,
      parentNode: [Circular],
      previousSibling: [Element],
      nextSibling: null,
      lineNumber: 278,
      columnNumber: 66
    }
  },
  Text {
    ownerDocument: Document {
      implementation: [Object],
      childNodes: [Object],
      doctype: null,
      documentURI: undefined,
      firstChild: [ProcessingInstruction],
      lastChild: [Element],
      _inc: 988,
      documentElement: [Element]
    },
    data: '\r\n    ',
    nodeValue: '\r\n    ',
    length: 6,
    parentNode: Element {
      _nsMap: [Object],
      attributes: [Object],
      childNodes: [Object],
      ownerDocument: [Document],
      nodeName: 'definitions',
      tagName: 'definitions',
      namespaceURI: 'http://schemas.xmlsoap.org/wsdl/',
      localName: 'definitions',
      previousSibling: [Text],
      nextSibling: null,
      parentNode: [Document],
      lineNumber: 2,
      columnNumber: 1,
      firstChild: [Text],
      lastChild: [Text]
    },
    previousSibling: Element {
      _nsMap: {},
      attributes: [Object],
      childNodes: [Object],
      ownerDocument: [Document],
      nodeName: 'message',
      tagName: 'message',
      namespaceURI: 'http://schemas.xmlsoap.org/wsdl/',
      localName: 'message',
      parentNode: [Element],
      previousSibling: [Text],
      nextSibling: [Circular],
      lineNumber: 277,
      columnNumber: 5,
      firstChild: [Text],
      lastChild: [Text]
    },
    nextSibling: Element {
      _nsMap: {},
      attributes: [Object],
      childNodes: [Object],
      ownerDocument: [Document],
      nodeName: 'message',
      tagName: 'message',
      namespaceURI: 'http://schemas.xmlsoap.org/wsdl/',
      localName: 'message',
      parentNode: [Element],
      previousSibling: [Circular],
      nextSibling: [Text],
      lineNumber: 280,
      columnNumber: 5,
      firstChild: [Text],
      lastChild: [Text]
    },
    lineNumber: 279,
    columnNumber: 15
  },
  Element {
    _nsMap: {},
    attributes: { '0': [Attr], _ownerElement: [Circular], length: 1 },
    childNodes: { '0': [Text], '1': [Element], '2': [Text], length: 3 },
    ownerDocument: Document {
      implementation: [Object],
      childNodes: [Object],
      doctype: null,
      documentURI: undefined,
      firstChild: [ProcessingInstruction],
      lastChild: [Element],
      _inc: 988,
      documentElement: [Element]
    },
    nodeName: 'message',
    tagName: 'message',
    namespaceURI: 'http://schemas.xmlsoap.org/wsdl/',
    localName: 'message',
    parentNode: Element {
      _nsMap: [Object],
      attributes: [Object],
      childNodes: [Object],
      ownerDocument: [Document],
      nodeName: 'definitions',
      tagName: 'definitions',
      namespaceURI: 'http://schemas.xmlsoap.org/wsdl/',
      localName: 'definitions',
      previousSibling: [Text],
      nextSibling: null,
      parentNode: [Document],
      lineNumber: 2,
      columnNumber: 1,
      firstChild: [Text],
      lastChild: [Text]
    },
    previousSibling: Text {
      ownerDocument: [Document],
      data: '\r\n    ',
      nodeValue: '\r\n    ',
      length: 6,
      parentNode: [Element],
      previousSibling: [Element],
      nextSibling: [Circular],
      lineNumber: 279,
      columnNumber: 15
    },
    nextSibling: Text {
      ownerDocument: [Document],
      data: '\r\n    ',
      nodeValue: '\r\n    ',
      length: 6,
      parentNode: [Element],
      previousSibling: [Circular],
      nextSibling: [Element],
      lineNumber: 282,
      columnNumber: 15
    },
    lineNumber: 280,
    columnNumber: 5,
    firstChild: Text {
      ownerDocument: [Document],
      data: '\r\n        ',
      nodeValue: '\r\n        ',
      length: 10,
      parentNode: [Circular],
      previousSibling: null,
      nextSibling: [Element],
      lineNumber: 280,
      columnNumber: 35
    },
    lastChild: Text {
      ownerDocument: [Document],
      data: '\r\n    ',
      nodeValue: '\r\n    ',
      length: 6,
      parentNode: [Circular],
      previousSibling: [Element],
      nextSibling: null,
      lineNumber: 281,
      columnNumber: 55
    }
  },
  Text {
    ownerDocument: Document {
      implementation: [Object],
      childNodes: [Object],
      doctype: null,
      documentURI: undefined,
      firstChild: [ProcessingInstruction],
      lastChild: [Element],
      _inc: 988,
      documentElement: [Element]
    },
    data: '\r\n    ',
    nodeValue: '\r\n    ',
    length: 6,
    parentNode: Element {
      _nsMap: [Object],
      attributes: [Object],
      childNodes: [Object],
      ownerDocument: [Document],
      nodeName: 'definitions',
      tagName: 'definitions',
      namespaceURI: 'http://schemas.xmlsoap.org/wsdl/',
      localName: 'definitions',
      previousSibling: [Text],
      nextSibling: null,
      parentNode: [Document],
      lineNumber: 2,
      columnNumber: 1,
      firstChild: [Text],
      lastChild: [Text]
    },
    previousSibling: Element {
      _nsMap: {},
      attributes: [Object],
      childNodes: [Object],
      ownerDocument: [Document],
      nodeName: 'message',
      tagName: 'message',
      namespaceURI: 'http://schemas.xmlsoap.org/wsdl/',
      localName: 'message',
      parentNode: [Element],
      previousSibling: [Text],
      nextSibling: [Circular],
      lineNumber: 280,
      columnNumber: 5,
      firstChild: [Text],
      lastChild: [Text]
    },
    nextSibling: Element {
      _nsMap: {},
      attributes: [Object],
      childNodes: [Object],
      ownerDocument: [Document],
      nodeName: 'message',
      tagName: 'message',
      namespaceURI: 'http://schemas.xmlsoap.org/wsdl/',
      localName: 'message',
      parentNode: [Element],
      previousSibling: [Circular],
      nextSibling: [Text],
      lineNumber: 283,
      columnNumber: 5,
      firstChild: [Text],
      lastChild: [Text]
    },
    lineNumber: 282,
    columnNumber: 15
  },
  Element {
    _nsMap: {},
    attributes: { '0': [Attr], _ownerElement: [Circular], length: 1 },
    childNodes: { '0': [Text], '1': [Element], '2': [Text], length: 3 },
    ownerDocument: Document {
      implementation: [Object],
      childNodes: [Object],
      doctype: null,
      documentURI: undefined,
      firstChild: [ProcessingInstruction],
      lastChild: [Element],
      _inc: 988,
      documentElement: [Element]
    },
    nodeName: 'message',
    tagName: 'message',
    namespaceURI: 'http://schemas.xmlsoap.org/wsdl/',
    localName: 'message',
    parentNode: Element {
      _nsMap: [Object],
      attributes: [Object],
      childNodes: [Object],
      ownerDocument: [Document],
      nodeName: 'definitions',
      tagName: 'definitions',
      namespaceURI: 'http://schemas.xmlsoap.org/wsdl/',
      localName: 'definitions',
      previousSibling: [Text],
      nextSibling: null,
      parentNode: [Document],
      lineNumber: 2,
      columnNumber: 1,
      firstChild: [Text],
      lastChild: [Text]
    },
    previousSibling: Text {
      ownerDocument: [Document],
      data: '\r\n    ',
      nodeValue: '\r\n    ',
      length: 6,
      parentNode: [Element],
      previousSibling: [Element],
      nextSibling: [Circular],
      lineNumber: 282,
      columnNumber: 15
    },
    nextSibling: Text {
      ownerDocument: [Document],
      data: '\r\n    ',
      nodeValue: '\r\n    ',
      length: 6,
      parentNode: [Element],
      previousSibling: [Circular],
      nextSibling: [Element],
      lineNumber: 285,
      columnNumber: 15
    },
    lineNumber: 283,
    columnNumber: 5,
    firstChild: Text {
      ownerDocument: [Document],
      data: '\r\n        ',
      nodeValue: '\r\n        ',
      length: 10,
      parentNode: [Circular],
      previousSibling: null,
      nextSibling: [Element],
      lineNumber: 283,
      columnNumber: 36
    },
    lastChild: Text {
      ownerDocument: [Document],
      data: '\r\n    ',
      nodeValue: '\r\n    ',
      length: 6,
      parentNode: [Circular],
      previousSibling: [Element],
      nextSibling: null,
      lineNumber: 284,
      columnNumber: 63
    }
  },
  Text {
    ownerDocument: Document {
      implementation: [Object],
      childNodes: [Object],
      doctype: null,
      documentURI: undefined,
      firstChild: [ProcessingInstruction],
      lastChild: [Element],
      _inc: 988,
      documentElement: [Element]
    },
    data: '\r\n    ',
    nodeValue: '\r\n    ',
    length: 6,
    parentNode: Element {
      _nsMap: [Object],
      attributes: [Object],
      childNodes: [Object],
      ownerDocument: [Document],
      nodeName: 'definitions',
      tagName: 'definitions',
      namespaceURI: 'http://schemas.xmlsoap.org/wsdl/',
      localName: 'definitions',
      previousSibling: [Text],
      nextSibling: null,
      parentNode: [Document],
      lineNumber: 2,
      columnNumber: 1,
      firstChild: [Text],
      lastChild: [Text]
    },
    previousSibling: Element {
      _nsMap: {},
      attributes: [Object],
      childNodes: [Object],
      ownerDocument: [Document],
      nodeName: 'message',
      tagName: 'message',
      namespaceURI: 'http://schemas.xmlsoap.org/wsdl/',
      localName: 'message',
      parentNode: [Element],
      previousSibling: [Text],
      nextSibling: [Circular],
      lineNumber: 283,
      columnNumber: 5,
      firstChild: [Text],
      lastChild: [Text]
    },
    nextSibling: Element {
      _nsMap: {},
      attributes: [Object],
      childNodes: [Object],
      ownerDocument: [Document],
      nodeName: 'message',
      tagName: 'message',
      namespaceURI: 'http://schemas.xmlsoap.org/wsdl/',
      localName: 'message',
      parentNode: [Element],
      previousSibling: [Circular],
      nextSibling: [Text],
      lineNumber: 286,
      columnNumber: 5,
      firstChild: [Text],
      lastChild: [Text]
    },
    lineNumber: 285,
    columnNumber: 15
  },
  Element {
    _nsMap: {},
    attributes: { '0': [Attr], _ownerElement: [Circular], length: 1 },
    childNodes: { '0': [Text], '1': [Element], '2': [Text], length: 3 },
    ownerDocument: Document {
      implementation: [Object],
      childNodes: [Object],
      doctype: null,
      documentURI: undefined,
      firstChild: [ProcessingInstruction],
      lastChild: [Element],
      _inc: 988,
      documentElement: [Element]
    },
    nodeName: 'message',
    tagName: 'message',
    namespaceURI: 'http://schemas.xmlsoap.org/wsdl/',
    localName: 'message',
    parentNode: Element {
      _nsMap: [Object],
      attributes: [Object],
      childNodes: [Object],
      ownerDocument: [Document],
      nodeName: 'definitions',
      tagName: 'definitions',
      namespaceURI: 'http://schemas.xmlsoap.org/wsdl/',
      localName: 'definitions',
      previousSibling: [Text],
      nextSibling: null,
      parentNode: [Document],
      lineNumber: 2,
      columnNumber: 1,
      firstChild: [Text],
      lastChild: [Text]
    },
    previousSibling: Text {
      ownerDocument: [Document],
      data: '\r\n    ',
      nodeValue: '\r\n    ',
      length: 6,
      parentNode: [Element],
      previousSibling: [Element],
      nextSibling: [Circular],
      lineNumber: 285,
      columnNumber: 15
    },
    nextSibling: Text {
      ownerDocument: [Document],
      data: '\r\n    ',
      nodeValue: '\r\n    ',
      length: 6,
      parentNode: [Element],
      previousSibling: [Circular],
      nextSibling: [Element],
      lineNumber: 288,
      columnNumber: 15
    },
    lineNumber: 286,
    columnNumber: 5,
    firstChild: Text {
      ownerDocument: [Document],
      data: '\r\n        ',
      nodeValue: '\r\n        ',
      length: 10,
      parentNode: [Circular],
      previousSibling: null,
      nextSibling: [Element],
      lineNumber: 286,
      columnNumber: 39
    },
    lastChild: Text {
      ownerDocument: [Document],
      data: '\r\n    ',
      nodeValue: '\r\n    ',
      length: 6,
      parentNode: [Circular],
      previousSibling: [Element],
      nextSibling: null,
      lineNumber: 287,
      columnNumber: 59
    }
  },
  Text {
    ownerDocument: Document {
      implementation: [Object],
      childNodes: [Object],
      doctype: null,
      documentURI: undefined,
      firstChild: [ProcessingInstruction],
      lastChild: [Element],
      _inc: 988,
      documentElement: [Element]
    },
    data: '\r\n    ',
    nodeValue: '\r\n    ',
    length: 6,
    parentNode: Element {
      _nsMap: [Object],
      attributes: [Object],
      childNodes: [Object],
      ownerDocument: [Document],
      nodeName: 'definitions',
      tagName: 'definitions',
      namespaceURI: 'http://schemas.xmlsoap.org/wsdl/',
      localName: 'definitions',
      previousSibling: [Text],
      nextSibling: null,
      parentNode: [Document],
      lineNumber: 2,
      columnNumber: 1,
      firstChild: [Text],
      lastChild: [Text]
    },
    previousSibling: Element {
      _nsMap: {},
      attributes: [Object],
      childNodes: [Object],
      ownerDocument: [Document],
      nodeName: 'message',
      tagName: 'message',
      namespaceURI: 'http://schemas.xmlsoap.org/wsdl/',
      localName: 'message',
      parentNode: [Element],
      previousSibling: [Text],
      nextSibling: [Circular],
      lineNumber: 286,
      columnNumber: 5,
      firstChild: [Text],
      lastChild: [Text]
    },
    nextSibling: Element {
      _nsMap: {},
      attributes: [Object],
      childNodes: [Object],
      ownerDocument: [Document],
      nodeName: 'message',
      tagName: 'message',
      namespaceURI: 'http://schemas.xmlsoap.org/wsdl/',
      localName: 'message',
      parentNode: [Element],
      previousSibling: [Circular],
      nextSibling: [Text],
      lineNumber: 289,
      columnNumber: 5,
      firstChild: [Text],
      lastChild: [Text]
    },
    lineNumber: 288,
    columnNumber: 15
  },
  Element {
    _nsMap: {},
    attributes: { '0': [Attr], _ownerElement: [Circular], length: 1 },
    childNodes: { '0': [Text], '1': [Element], '2': [Text], length: 3 },
    ownerDocument: Document {
      implementation: [Object],
      childNodes: [Object],
      doctype: null,
      documentURI: undefined,
      firstChild: [ProcessingInstruction],
      lastChild: [Element],
      _inc: 988,
      documentElement: [Element]
    },
    nodeName: 'message',
    tagName: 'message',
    namespaceURI: 'http://schemas.xmlsoap.org/wsdl/',
    localName: 'message',
    parentNode: Element {
      _nsMap: [Object],
      attributes: [Object],
      childNodes: [Object],
      ownerDocument: [Document],
      nodeName: 'definitions',
      tagName: 'definitions',
      namespaceURI: 'http://schemas.xmlsoap.org/wsdl/',
      localName: 'definitions',
      previousSibling: [Text],
      nextSibling: null,
      parentNode: [Document],
      lineNumber: 2,
      columnNumber: 1,
      firstChild: [Text],
      lastChild: [Text]
    },
    previousSibling: Text {
      ownerDocument: [Document],
      data: '\r\n    ',
      nodeValue: '\r\n    ',
      length: 6,
      parentNode: [Element],
      previousSibling: [Element],
      nextSibling: [Circular],
      lineNumber: 288,
      columnNumber: 15
    },
    nextSibling: Text {
      ownerDocument: [Document],
      data: '\r\n    ',
      nodeValue: '\r\n    ',
      length: 6,
      parentNode: [Element],
      previousSibling: [Circular],
      nextSibling: [Element],
      lineNumber: 291,
      columnNumber: 15
    },
    lineNumber: 289,
    columnNumber: 5,
    firstChild: Text {
      ownerDocument: [Document],
      data: '\r\n        ',
      nodeValue: '\r\n        ',
      length: 10,
      parentNode: [Circular],
      previousSibling: null,
      nextSibling: [Element],
      lineNumber: 289,
      columnNumber: 40
    },
    lastChild: Text {
      ownerDocument: [Document],
      data: '\r\n    ',
      nodeValue: '\r\n    ',
      length: 6,
      parentNode: [Circular],
      previousSibling: [Element],
      nextSibling: null,
      lineNumber: 290,
      columnNumber: 67
    }
  },
  Text {
    ownerDocument: Document {
      implementation: [Object],
      childNodes: [Object],
      doctype: null,
      documentURI: undefined,
      firstChild: [ProcessingInstruction],
      lastChild: [Element],
      _inc: 988,
      documentElement: [Element]
    },
    data: '\r\n    ',
    nodeValue: '\r\n    ',
    length: 6,
    parentNode: Element {
      _nsMap: [Object],
      attributes: [Object],
      childNodes: [Object],
      ownerDocument: [Document],
      nodeName: 'definitions',
      tagName: 'definitions',
      namespaceURI: 'http://schemas.xmlsoap.org/wsdl/',
      localName: 'definitions',
      previousSibling: [Text],
      nextSibling: null,
      parentNode: [Document],
      lineNumber: 2,
      columnNumber: 1,
      firstChild: [Text],
      lastChild: [Text]
    },
    previousSibling: Element {
      _nsMap: {},
      attributes: [Object],
      childNodes: [Object],
      ownerDocument: [Document],
      nodeName: 'message',
      tagName: 'message',
      namespaceURI: 'http://schemas.xmlsoap.org/wsdl/',
      localName: 'message',
      parentNode: [Element],
      previousSibling: [Text],
      nextSibling: [Circular],
      lineNumber: 289,
      columnNumber: 5,
      firstChild: [Text],
      lastChild: [Text]
    },
    nextSibling: Element {
      _nsMap: {},
      attributes: [Object],
      childNodes: [Object],
      ownerDocument: [Document],
      nodeName: 'portType',
      tagName: 'portType',
      namespaceURI: 'http://schemas.xmlsoap.org/wsdl/',
      localName: 'portType',
      parentNode: [Element],
      previousSibling: [Circular],
      nextSibling: [Text],
      lineNumber: 292,
      columnNumber: 5,
      firstChild: [Text],
      lastChild: [Text]
    },
    lineNumber: 291,
    columnNumber: 15
  },
  Element {
    _nsMap: {},
    attributes: { '0': [Attr], _ownerElement: [Circular], length: 1 },
    childNodes: {
      '0': [Text],
      '1': [Element],
      '2': [Text],
      '3': [Element],
      '4': [Text],
      '5': [Element],
      '6': [Text],
      '7': [Element],
      '8': [Text],
      '9': [Element],
      '10': [Text],
      '11': [Element],
      '12': [Text],
      '13': [Element],
      '14': [Text],
      '15': [Element],
      '16': [Text],
      '17': [Element],
      '18': [Text],
      length: 19
    },
    ownerDocument: Document {
      implementation: [Object],
      childNodes: [Object],
      doctype: null,
      documentURI: undefined,
      firstChild: [ProcessingInstruction],
      lastChild: [Element],
      _inc: 988,
      documentElement: [Element]
    },
    nodeName: 'portType',
    tagName: 'portType',
    namespaceURI: 'http://schemas.xmlsoap.org/wsdl/',
    localName: 'portType',
    parentNode: Element {
      _nsMap: [Object],
      attributes: [Object],
      childNodes: [Object],
      ownerDocument: [Document],
      nodeName: 'definitions',
      tagName: 'definitions',
      namespaceURI: 'http://schemas.xmlsoap.org/wsdl/',
      localName: 'definitions',
      previousSibling: [Text],
      nextSibling: null,
      parentNode: [Document],
      lineNumber: 2,
      columnNumber: 1,
      firstChild: [Text],
      lastChild: [Text]
    },
    previousSibling: Text {
      ownerDocument: [Document],
      data: '\r\n    ',
      nodeValue: '\r\n    ',
      length: 6,
      parentNode: [Element],
      previousSibling: [Element],
      nextSibling: [Circular],
      lineNumber: 291,
      columnNumber: 15
    },
    nextSibling: Text {
      ownerDocument: [Document],
      data: '\r\n    ',
      nodeValue: '\r\n    ',
      length: 6,
      parentNode: [Element],
      previousSibling: [Circular],
      nextSibling: [Element],
      lineNumber: 329,
      columnNumber: 16
    },
    lineNumber: 292,
    columnNumber: 5,
    firstChild: Text {
      ownerDocument: [Document],
      data: '\r\n        ',
      nodeValue: '\r\n        ',
      length: 10,
      parentNode: [Circular],
      previousSibling: null,
      nextSibling: [Element],
      lineNumber: 292,
      columnNumber: 35
    },
    lastChild: Text {
      ownerDocument: [Document],
      data: '\r\n    ',
      nodeValue: '\r\n    ',
      length: 6,
      parentNode: [Circular],
      previousSibling: [Element],
      nextSibling: null,
      lineNumber: 328,
      columnNumber: 21
    }
  },
  Text {
    ownerDocument: Document {
      implementation: [Object],
      childNodes: [Object],
      doctype: null,
      documentURI: undefined,
      firstChild: [ProcessingInstruction],
      lastChild: [Element],
      _inc: 988,
      documentElement: [Element]
    },
    data: '\r\n    ',
    nodeValue: '\r\n    ',
    length: 6,
    parentNode: Element {
      _nsMap: [Object],
      attributes: [Object],
      childNodes: [Object],
      ownerDocument: [Document],
      nodeName: 'definitions',
      tagName: 'definitions',
      namespaceURI: 'http://schemas.xmlsoap.org/wsdl/',
      localName: 'definitions',
      previousSibling: [Text],
      nextSibling: null,
      parentNode: [Document],
      lineNumber: 2,
      columnNumber: 1,
      firstChild: [Text],
      lastChild: [Text]
    },
    previousSibling: Element {
      _nsMap: {},
      attributes: [Object],
      childNodes: [Object],
      ownerDocument: [Document],
      nodeName: 'portType',
      tagName: 'portType',
      namespaceURI: 'http://schemas.xmlsoap.org/wsdl/',
      localName: 'portType',
      parentNode: [Element],
      previousSibling: [Text],
      nextSibling: [Circular],
      lineNumber: 292,
      columnNumber: 5,
      firstChild: [Text],
      lastChild: [Text]
    },
    nextSibling: Element {
      _nsMap: {},
      attributes: [Object],
      childNodes: [Object],
      ownerDocument: [Document],
      nodeName: 'binding',
      tagName: 'binding',
      namespaceURI: 'http://schemas.xmlsoap.org/wsdl/',
      localName: 'binding',
      parentNode: [Element],
      previousSibling: [Circular],
      nextSibling: [Text],
      lineNumber: 330,
      columnNumber: 5,
      firstChild: [Text],
      lastChild: [Text]
    },
    lineNumber: 329,
    columnNumber: 16
  },
  Element {
    _nsMap: {},
    attributes: { '0': [Attr], '1': [Attr], _ownerElement: [Circular], length: 2 },
    childNodes: {
      '0': [Text],
      '1': [Element],
      '2': [Text],
      '3': [Element],
      '4': [Text],
      '5': [Element],
      '6': [Text],
      '7': [Element],
      '8': [Text],
      '9': [Element],
      '10': [Text],
      '11': [Element],
      '12': [Text],
      '13': [Element],
      '14': [Text],
      '15': [Element],
      '16': [Text],
      '17': [Element],
      '18': [Text],
      '19': [Element],
      '20': [Text],
      length: 21
    },
    ownerDocument: Document {
      implementation: [Object],
      childNodes: [Object],
      doctype: null,
      documentURI: undefined,
      firstChild: [ProcessingInstruction],
      lastChild: [Element],
      _inc: 988,
      documentElement: [Element]
    },
    nodeName: 'binding',
    tagName: 'binding',
    namespaceURI: 'http://schemas.xmlsoap.org/wsdl/',
    localName: 'binding',
    parentNode: Element {
      _nsMap: [Object],
      attributes: [Object],
      childNodes: [Object],
      ownerDocument: [Document],
      nodeName: 'definitions',
      tagName: 'definitions',
      namespaceURI: 'http://schemas.xmlsoap.org/wsdl/',
      localName: 'definitions',
      previousSibling: [Text],
      nextSibling: null,
      parentNode: [Document],
      lineNumber: 2,
      columnNumber: 1,
      firstChild: [Text],
      lastChild: [Text]
    },
    previousSibling: Text {
      ownerDocument: [Document],
      data: '\r\n    ',
      nodeValue: '\r\n    ',
      length: 6,
      parentNode: [Element],
      previousSibling: [Element],
      nextSibling: [Circular],
      lineNumber: 329,
      columnNumber: 16
    },
    nextSibling: Text {
      ownerDocument: [Document],
      data: '\r\n    ',
      nodeValue: '\r\n    ',
      length: 6,
      parentNode: [Element],
      previousSibling: [Circular],
      nextSibling: [Element],
      lineNumber: 413,
      columnNumber: 15
    },
    lineNumber: 330,
    columnNumber: 5,
    firstChild: Text {
      ownerDocument: [Document],
      data: '\r\n        ',
      nodeValue: '\r\n        ',
      length: 10,
      parentNode: [Circular],
      previousSibling: null,
      nextSibling: [Element],
      lineNumber: 330,
      columnNumber: 57
    },
    lastChild: Text {
      ownerDocument: [Document],
      data: '\r\n    ',
      nodeValue: '\r\n    ',
      length: 6,
      parentNode: [Circular],
      previousSibling: [Element],
      nextSibling: null,
      lineNumber: 412,
      columnNumber: 21
    }
  },
  Text {
    ownerDocument: Document {
      implementation: [Object],
      childNodes: [Object],
      doctype: null,
      documentURI: undefined,
      firstChild: [ProcessingInstruction],
      lastChild: [Element],
      _inc: 988,
      documentElement: [Element]
    },
    data: '\r\n    ',
    nodeValue: '\r\n    ',
    length: 6,
    parentNode: Element {
      _nsMap: [Object],
      attributes: [Object],
      childNodes: [Object],
      ownerDocument: [Document],
      nodeName: 'definitions',
      tagName: 'definitions',
      namespaceURI: 'http://schemas.xmlsoap.org/wsdl/',
      localName: 'definitions',
      previousSibling: [Text],
      nextSibling: null,
      parentNode: [Document],
      lineNumber: 2,
      columnNumber: 1,
      firstChild: [Text],
      lastChild: [Text]
    },
    previousSibling: Element {
      _nsMap: {},
      attributes: [Object],
      childNodes: [Object],
      ownerDocument: [Document],
      nodeName: 'binding',
      tagName: 'binding',
      namespaceURI: 'http://schemas.xmlsoap.org/wsdl/',
      localName: 'binding',
      parentNode: [Element],
      previousSibling: [Text],
      nextSibling: [Circular],
      lineNumber: 330,
      columnNumber: 5,
      firstChild: [Text],
      lastChild: [Text]
    },
    nextSibling: Element {
      _nsMap: {},
      attributes: [Object],
      childNodes: [Object],
      ownerDocument: [Document],
      nodeName: 'service',
      tagName: 'service',
      namespaceURI: 'http://schemas.xmlsoap.org/wsdl/',
      localName: 'service',
      parentNode: [Element],
      previousSibling: [Circular],
      nextSibling: [Text],
      lineNumber: 414,
      columnNumber: 5,
      firstChild: [Text],
      lastChild: [Text]
    },
    lineNumber: 413,
    columnNumber: 15
  },
  Element {
    _nsMap: {},
    attributes: { '0': [Attr], _ownerElement: [Circular], length: 1 },
    childNodes: { '0': [Text], '1': [Element], '2': [Text], length: 3 },
    ownerDocument: Document {
      implementation: [Object],
      childNodes: [Object],
      doctype: null,
      documentURI: undefined,
      firstChild: [ProcessingInstruction],
      lastChild: [Element],
      _inc: 988,
      documentElement: [Element]
    },
    nodeName: 'service',
    tagName: 'service',
    namespaceURI: 'http://schemas.xmlsoap.org/wsdl/',
    localName: 'service',
    parentNode: Element {
      _nsMap: [Object],
      attributes: [Object],
      childNodes: [Object],
      ownerDocument: [Document],
      nodeName: 'definitions',
      tagName: 'definitions',
      namespaceURI: 'http://schemas.xmlsoap.org/wsdl/',
      localName: 'definitions',
      previousSibling: [Text],
      nextSibling: null,
      parentNode: [Document],
      lineNumber: 2,
      columnNumber: 1,
      firstChild: [Text],
      lastChild: [Text]
    },
    previousSibling: Text {
      ownerDocument: [Document],
      data: '\r\n    ',
      nodeValue: '\r\n    ',
      length: 6,
      parentNode: [Element],
      previousSibling: [Element],
      nextSibling: [Circular],
      lineNumber: 413,
      columnNumber: 15
    },
    nextSibling: Text {
      ownerDocument: [Document],
      data: '\r\n',
      nodeValue: '\r\n',
      length: 2,
      parentNode: [Element],
      previousSibling: [Circular],
      nextSibling: null,
      lineNumber: 418,
      columnNumber: 15
    },
    lineNumber: 414,
    columnNumber: 5,
    firstChild: Text {
      ownerDocument: [Document],
      data: '\r\n        ',
      nodeValue: '\r\n        ',
      length: 10,
      parentNode: [Circular],
      previousSibling: null,
      nextSibling: [Element],
      lineNumber: 414,
      columnNumber: 30
    },
    lastChild: Text {
      ownerDocument: [Document],
      data: '\r\n    ',
      nodeValue: '\r\n    ',
      length: 6,
      parentNode: [Circular],
      previousSibling: [Element],
      nextSibling: null,
      lineNumber: 417,
      columnNumber: 16
    }
  },
  Text {
    ownerDocument: Document {
      implementation: [Object],
      childNodes: [Object],
      doctype: null,
      documentURI: undefined,
      firstChild: [ProcessingInstruction],
      lastChild: [Element],
      _inc: 988,
      documentElement: [Element]
    },
    data: '\r\n',
    nodeValue: '\r\n',
    length: 2,
    parentNode: Element {
      _nsMap: [Object],
      attributes: [Object],
      childNodes: [Object],
      ownerDocument: [Document],
      nodeName: 'definitions',
      tagName: 'definitions',
      namespaceURI: 'http://schemas.xmlsoap.org/wsdl/',
      localName: 'definitions',
      previousSibling: [Text],
      nextSibling: null,
      parentNode: [Document],
      lineNumber: 2,
      columnNumber: 1,
      firstChild: [Text],
      lastChild: [Circular]
    },
    previousSibling: Element {
      _nsMap: {},
      attributes: [Object],
      childNodes: [Object],
      ownerDocument: [Document],
      nodeName: 'service',
      tagName: 'service',
      namespaceURI: 'http://schemas.xmlsoap.org/wsdl/',
      localName: 'service',
      parentNode: [Element],
      previousSibling: [Text],
      nextSibling: [Circular],
      lineNumber: 414,
      columnNumber: 5,
      firstChild: [Text],
      lastChild: [Text]
    },
    nextSibling: null,
    lineNumber: 418,
    columnNumber: 15
  }
]
{
  types: undefined,
  message: { _name: 'QueryByNameSoapOut', '#text': undefined },
  portType: { _name: 'SOAPDemoSoap', '#text': undefined },
  binding: {
    _name: 'SOAPDemoSoap',
    _type: 's0:SOAPDemoSoap',
    '#text': undefined
  },
  service: { _name: 'SOAPDemo', '#text': undefined }
}
